Component: ARM Compiler 5.06 update 6 (build 750) Tool: armlink [4d35ed]

==============================================================================

Section Cross References

    stm32g0xx_hal.o(i.HAL_DeInit) refers to stm32g0xx_hal.o(i.HAL_MspDeInit) for HAL_MspDeInit
    stm32g0xx_hal.o(i.HAL_Delay) refers to stm32g0xx_hal.o(i.HAL_GetTick) for HAL_GetTick
    stm32g0xx_hal.o(i.HAL_Delay) refers to stm32g0xx_hal.o(.data) for uwTickFreq
    stm32g0xx_hal.o(i.HAL_GetTick) refers to stm32g0xx_hal.o(.data) for uwTick
    stm32g0xx_hal.o(i.HAL_GetTickFreq) refers to stm32g0xx_hal.o(.data) for uwTickFreq
    stm32g0xx_hal.o(i.HAL_GetTickPrio) refers to stm32g0xx_hal.o(.data) for uwTickPrio
    stm32g0xx_hal.o(i.HAL_IncTick) refers to stm32g0xx_hal.o(.data) for uwTick
    stm32g0xx_hal.o(i.HAL_Init) refers to stm32g0xx_hal.o(i.HAL_InitTick) for HAL_InitTick
    stm32g0xx_hal.o(i.HAL_Init) refers to stm32g0xx_hal.o(i.HAL_MspInit) for HAL_MspInit
    stm32g0xx_hal.o(i.HAL_InitTick) refers to aeabi_sdiv.o(.text) for __aeabi_uidivmod
    stm32g0xx_hal.o(i.HAL_InitTick) refers to stm32g0xx_hal_cortex.o(i.HAL_SYSTICK_Config) for HAL_SYSTICK_Config
    stm32g0xx_hal.o(i.HAL_InitTick) refers to stm32g0xx_hal_cortex.o(i.HAL_NVIC_SetPriority) for HAL_NVIC_SetPriority
    stm32g0xx_hal.o(i.HAL_InitTick) refers to stm32g0xx_hal.o(.data) for uwTickFreq
    stm32g0xx_hal.o(i.HAL_InitTick) refers to system_stm32g0xx.o(.data) for SystemCoreClock
    stm32g0xx_hal.o(i.HAL_MspInit) refers to stm32g0xx_hal.o(i.HAL_SYSCFG_StrobeDBattpinsConfig) for HAL_SYSCFG_StrobeDBattpinsConfig
    stm32g0xx_hal.o(i.HAL_SYSCFG_EnableVREFBUF) refers to stm32g0xx_hal.o(i.HAL_GetTick) for HAL_GetTick
    stm32g0xx_hal.o(i.HAL_SetTickFreq) refers to stm32g0xx_hal.o(i.HAL_InitTick) for HAL_InitTick
    stm32g0xx_hal.o(i.HAL_SetTickFreq) refers to stm32g0xx_hal.o(.data) for uwTickFreq
    stm32g0xx_hal_cortex.o(i.HAL_NVIC_SetPriority) refers to stm32g0xx_hal_cortex.o(i.__NVIC_SetPriority) for __NVIC_SetPriority
    stm32g0xx_hal_cortex.o(i.HAL_SYSTICK_Config) refers to stm32g0xx_hal_cortex.o(i.__NVIC_SetPriority) for __NVIC_SetPriority
    stm32g0xx_hal_cortex.o(i.HAL_SYSTICK_IRQHandler) refers to stm32g0xx_hal_cortex.o(i.HAL_SYSTICK_Callback) for HAL_SYSTICK_Callback
    stm32g0xx_ll_utils.o(i.LL_Init1msTick) refers to aeabi_sdiv.o(.text) for __aeabi_uidivmod
    stm32g0xx_ll_utils.o(i.LL_PLL_ConfigSystemClock_HSE) refers to stm32g0xx_ll_utils.o(i.UTILS_PLL_IsBusy) for UTILS_PLL_IsBusy
    stm32g0xx_ll_utils.o(i.LL_PLL_ConfigSystemClock_HSE) refers to stm32g0xx_ll_utils.o(i.UTILS_GetPLLOutputFrequency) for UTILS_GetPLLOutputFrequency
    stm32g0xx_ll_utils.o(i.LL_PLL_ConfigSystemClock_HSE) refers to stm32g0xx_ll_utils.o(i.LL_RCC_HSE_IsReady) for LL_RCC_HSE_IsReady
    stm32g0xx_ll_utils.o(i.LL_PLL_ConfigSystemClock_HSE) refers to stm32g0xx_ll_utils.o(i.LL_RCC_PLL_ConfigDomain_SYS) for LL_RCC_PLL_ConfigDomain_SYS
    stm32g0xx_ll_utils.o(i.LL_PLL_ConfigSystemClock_HSE) refers to stm32g0xx_ll_utils.o(i.UTILS_EnablePLLAndSwitchSystem) for UTILS_EnablePLLAndSwitchSystem
    stm32g0xx_ll_utils.o(i.LL_PLL_ConfigSystemClock_HSI) refers to stm32g0xx_ll_utils.o(i.UTILS_PLL_IsBusy) for UTILS_PLL_IsBusy
    stm32g0xx_ll_utils.o(i.LL_PLL_ConfigSystemClock_HSI) refers to stm32g0xx_ll_utils.o(i.UTILS_GetPLLOutputFrequency) for UTILS_GetPLLOutputFrequency
    stm32g0xx_ll_utils.o(i.LL_PLL_ConfigSystemClock_HSI) refers to stm32g0xx_ll_utils.o(i.LL_RCC_HSI_IsReady) for LL_RCC_HSI_IsReady
    stm32g0xx_ll_utils.o(i.LL_PLL_ConfigSystemClock_HSI) refers to stm32g0xx_ll_utils.o(i.LL_RCC_PLL_ConfigDomain_SYS) for LL_RCC_PLL_ConfigDomain_SYS
    stm32g0xx_ll_utils.o(i.LL_PLL_ConfigSystemClock_HSI) refers to stm32g0xx_ll_utils.o(i.UTILS_EnablePLLAndSwitchSystem) for UTILS_EnablePLLAndSwitchSystem
    stm32g0xx_ll_utils.o(i.LL_SetSystemCoreClock) refers to system_stm32g0xx.o(.data) for SystemCoreClock
    stm32g0xx_ll_utils.o(i.UTILS_EnablePLLAndSwitchSystem) refers to stm32g0xx_ll_utils.o(i.LL_SetFlashLatency) for LL_SetFlashLatency
    stm32g0xx_ll_utils.o(i.UTILS_EnablePLLAndSwitchSystem) refers to stm32g0xx_ll_utils.o(i.LL_RCC_PLL_IsReady) for LL_RCC_PLL_IsReady
    stm32g0xx_ll_utils.o(i.UTILS_EnablePLLAndSwitchSystem) refers to stm32g0xx_ll_utils.o(i.LL_SetSystemCoreClock) for LL_SetSystemCoreClock
    stm32g0xx_ll_utils.o(i.UTILS_EnablePLLAndSwitchSystem) refers to system_stm32g0xx.o(.constdata) for AHBPrescTable
    stm32g0xx_ll_utils.o(i.UTILS_EnablePLLAndSwitchSystem) refers to system_stm32g0xx.o(.data) for SystemCoreClock
    stm32g0xx_ll_utils.o(i.UTILS_GetPLLOutputFrequency) refers to aeabi_sdiv.o(.text) for __aeabi_uidivmod
    stm32g0xx_ll_utils.o(i.UTILS_PLL_IsBusy) refers to stm32g0xx_ll_utils.o(i.LL_RCC_PLL_IsReady) for LL_RCC_PLL_IsReady
    system_stm32g0xx.o(i.SystemCoreClockUpdate) refers to aeabi_sdiv.o(.text) for __aeabi_uidivmod
    system_stm32g0xx.o(i.SystemCoreClockUpdate) refers to system_stm32g0xx.o(.data) for SystemCoreClock
    system_stm32g0xx.o(i.SystemCoreClockUpdate) refers to system_stm32g0xx.o(.constdata) for AHBPrescTable
    startup_stm32g0b1xx.o(STACK) refers (Special) to heapauxi.o(.text) for __use_two_region_memory
    startup_stm32g0b1xx.o(HEAP) refers (Special) to heapauxi.o(.text) for __use_two_region_memory
    startup_stm32g0b1xx.o(RESET) refers (Special) to heapauxi.o(.text) for __use_two_region_memory
    startup_stm32g0b1xx.o(RESET) refers to startup_stm32g0b1xx.o(STACK) for __initial_sp
    startup_stm32g0b1xx.o(RESET) refers to startup_stm32g0b1xx.o(.text) for Reset_Handler
    startup_stm32g0b1xx.o(.text) refers (Special) to heapauxi.o(.text) for __use_two_region_memory
    startup_stm32g0b1xx.o(.text) refers to system_stm32g0xx.o(i.SystemInit) for SystemInit
    startup_stm32g0b1xx.o(.text) refers to __main.o(!!!main) for __main
    startup_stm32g0b1xx.o(.text) refers to startup_stm32g0b1xx.o(HEAP) for Heap_Mem
    startup_stm32g0b1xx.o(.text) refers to startup_stm32g0b1xx.o(STACK) for Stack_Mem
    __main.o(!!!main) refers to __rtentry.o(.ARM.Collect$$rtentry$$00000000) for __rt_entry
    __rtentry.o(.ARM.Collect$$rtentry$$00000000) refers (Special) to __rtentry2.o(.ARM.Collect$$rtentry$$0000000A) for __rt_entry_li
    __rtentry.o(.ARM.Collect$$rtentry$$00000000) refers (Special) to __rtentry2.o(.ARM.Collect$$rtentry$$0000000D) for __rt_entry_main
    __rtentry.o(.ARM.Collect$$rtentry$$00000000) refers (Special) to __rtentry2.o(.ARM.Collect$$rtentry$$0000000C) for __rt_entry_postli_1
    __rtentry.o(.ARM.Collect$$rtentry$$00000000) refers (Special) to __rtentry2.o(.ARM.Collect$$rtentry$$00000009) for __rt_entry_postsh_1
    __rtentry.o(.ARM.Collect$$rtentry$$00000000) refers (Special) to __rtentry2.o(.ARM.Collect$$rtentry$$00000002) for __rt_entry_presh_1
    __rtentry.o(.ARM.Collect$$rtentry$$00000000) refers (Special) to __rtentry4.o(.ARM.Collect$$rtentry$$00000004) for __rt_entry_sh
    aeabi_idiv0_sigfpe.o(.text) refers to rt_div0.o(.text) for __rt_div0
    __rtentry2.o(.ARM.Collect$$rtentry$$00000008) refers to boardinit2.o(.text) for _platform_post_stackheap_init
    __rtentry2.o(.ARM.Collect$$rtentry$$0000000A) refers to libinit.o(.ARM.Collect$$libinit$$00000000) for __rt_lib_init
    __rtentry2.o(.ARM.Collect$$rtentry$$0000000B) refers to boardinit3.o(.text) for _platform_post_lib_init
    __rtentry2.o(.ARM.Collect$$rtentry$$0000000D) refers to main.o(i.main) for main
    __rtentry2.o(.ARM.Collect$$rtentry$$0000000D) refers to exit.o(.text) for exit
    __rtentry2.o(.ARM.exidx) refers to __rtentry2.o(.ARM.Collect$$rtentry$$00000001) for .ARM.Collect$$rtentry$$00000001
    __rtentry2.o(.ARM.exidx) refers to __rtentry2.o(.ARM.Collect$$rtentry$$00000008) for .ARM.Collect$$rtentry$$00000008
    __rtentry2.o(.ARM.exidx) refers to __rtentry2.o(.ARM.Collect$$rtentry$$0000000A) for .ARM.Collect$$rtentry$$0000000A
    __rtentry2.o(.ARM.exidx) refers to __rtentry2.o(.ARM.Collect$$rtentry$$0000000B) for .ARM.Collect$$rtentry$$0000000B
    __rtentry2.o(.ARM.exidx) refers to __rtentry2.o(.ARM.Collect$$rtentry$$0000000D) for .ARM.Collect$$rtentry$$0000000D
    __rtentry4.o(.ARM.Collect$$rtentry$$00000004) refers to sys_stackheap_outer.o(.text) for __user_setup_stackheap
    __rtentry4.o(.ARM.exidx) refers to __rtentry4.o(.ARM.Collect$$rtentry$$00000004) for .ARM.Collect$$rtentry$$00000004
    rt_div0.o(.text) refers to defsig_fpe_outer.o(.text) for __rt_SIGFPE
    sys_stackheap_outer.o(.text) refers to libspace.o(.text) for __user_perproc_libspace
    sys_stackheap_outer.o(.text) refers to startup_stm32g0b1xx.o(.text) for __user_initial_stackheap
    sys_stackheap_outer.o(__vectab_stack_and_reset_area) refers to tempstk.o(.text) for __temporary_stack_top
    sys_stackheap_outer.o(__vectab_stack_and_reset_area) refers to __main.o(!!!main) for __main
    exit.o(.text) refers to rtexit.o(.ARM.Collect$$rtexit$$00000000) for __rt_exit
    defsig_fpe_outer.o(.text) refers to defsig_fpe_inner.o(.text) for __rt_SIGFPE_inner
    defsig_fpe_outer.o(.text) refers to defsig_exit.o(.text) for __sig_exit
    defsig_fpe_formal.o(.text) refers to rt_raise.o(.text) for __rt_raise
    libinit.o(.ARM.Collect$$libinit$$00000000) refers (Special) to libinit2.o(.ARM.Collect$$libinit$$0000002E) for __rt_lib_init_alloca_1
    libinit.o(.ARM.Collect$$libinit$$00000000) refers (Special) to libinit2.o(.ARM.Collect$$libinit$$0000002C) for __rt_lib_init_argv_1
    libinit.o(.ARM.Collect$$libinit$$00000000) refers (Special) to libinit2.o(.ARM.Collect$$libinit$$0000001B) for __rt_lib_init_atexit_1
    libinit.o(.ARM.Collect$$libinit$$00000000) refers (Special) to libinit2.o(.ARM.Collect$$libinit$$00000021) for __rt_lib_init_clock_1
    libinit.o(.ARM.Collect$$libinit$$00000000) refers (Special) to libinit2.o(.ARM.Collect$$libinit$$00000032) for __rt_lib_init_cpp_1
    libinit.o(.ARM.Collect$$libinit$$00000000) refers (Special) to libinit2.o(.ARM.Collect$$libinit$$00000030) for __rt_lib_init_exceptions_1
    libinit.o(.ARM.Collect$$libinit$$00000000) refers (Special) to libinit2.o(.ARM.Collect$$libinit$$00000002) for __rt_lib_init_fp_1
    libinit.o(.ARM.Collect$$libinit$$00000000) refers (Special) to libinit2.o(.ARM.Collect$$libinit$$0000001F) for __rt_lib_init_fp_trap_1
    libinit.o(.ARM.Collect$$libinit$$00000000) refers (Special) to libinit2.o(.ARM.Collect$$libinit$$00000023) for __rt_lib_init_getenv_1
    libinit.o(.ARM.Collect$$libinit$$00000000) refers (Special) to libinit2.o(.ARM.Collect$$libinit$$0000000A) for __rt_lib_init_heap_1
    libinit.o(.ARM.Collect$$libinit$$00000000) refers (Special) to libinit2.o(.ARM.Collect$$libinit$$00000011) for __rt_lib_init_lc_collate_1
    libinit.o(.ARM.Collect$$libinit$$00000000) refers (Special) to libinit2.o(.ARM.Collect$$libinit$$00000013) for __rt_lib_init_lc_ctype_1
    libinit.o(.ARM.Collect$$libinit$$00000000) refers (Special) to libinit2.o(.ARM.Collect$$libinit$$00000015) for __rt_lib_init_lc_monetary_1
    libinit.o(.ARM.Collect$$libinit$$00000000) refers (Special) to libinit2.o(.ARM.Collect$$libinit$$00000017) for __rt_lib_init_lc_numeric_1
    libinit.o(.ARM.Collect$$libinit$$00000000) refers (Special) to libinit2.o(.ARM.Collect$$libinit$$00000019) for __rt_lib_init_lc_time_1
    libinit.o(.ARM.Collect$$libinit$$00000000) refers (Special) to libinit2.o(.ARM.Collect$$libinit$$00000004) for __rt_lib_init_preinit_1
    libinit.o(.ARM.Collect$$libinit$$00000000) refers (Special) to libinit2.o(.ARM.Collect$$libinit$$0000000E) for __rt_lib_init_rand_1
    libinit.o(.ARM.Collect$$libinit$$00000000) refers (Special) to libinit2.o(.ARM.Collect$$libinit$$00000033) for __rt_lib_init_return
    libinit.o(.ARM.Collect$$libinit$$00000000) refers (Special) to libinit2.o(.ARM.Collect$$libinit$$0000001D) for __rt_lib_init_signal_1
    libinit.o(.ARM.Collect$$libinit$$00000000) refers (Special) to libinit2.o(.ARM.Collect$$libinit$$00000025) for __rt_lib_init_stdio_1
    libinit.o(.ARM.Collect$$libinit$$00000000) refers (Special) to libinit2.o(.ARM.Collect$$libinit$$0000000C) for __rt_lib_init_user_alloc_1
    libspace.o(.text) refers to libspace.o(.bss) for __libspace_start
    rtexit.o(.ARM.Collect$$rtexit$$00000000) refers (Special) to rtexit2.o(.ARM.Collect$$rtexit$$00000004) for __rt_exit_exit
    rtexit.o(.ARM.Collect$$rtexit$$00000000) refers (Special) to rtexit2.o(.ARM.Collect$$rtexit$$00000003) for __rt_exit_ls
    rtexit.o(.ARM.Collect$$rtexit$$00000000) refers (Special) to rtexit2.o(.ARM.Collect$$rtexit$$00000002) for __rt_exit_prels_1
    rtexit.o(.ARM.exidx) refers (Special) to rtexit2.o(.ARM.Collect$$rtexit$$00000004) for __rt_exit_exit
    rtexit.o(.ARM.exidx) refers (Special) to rtexit2.o(.ARM.Collect$$rtexit$$00000003) for __rt_exit_ls
    rtexit.o(.ARM.exidx) refers (Special) to rtexit2.o(.ARM.Collect$$rtexit$$00000002) for __rt_exit_prels_1
    rtexit.o(.ARM.exidx) refers to rtexit.o(.ARM.Collect$$rtexit$$00000000) for .ARM.Collect$$rtexit$$00000000
    rt_raise.o(.text) refers to __raise.o(.text) for __raise
    rt_raise.o(.text) refers to sys_exit.o(.text) for _sys_exit
    defsig_exit.o(.text) refers to sys_exit.o(.text) for _sys_exit
    defsig_fpe_inner.o(.text) refers to defsig_general.o(.text) for __default_signal_display
    libinit2.o(.ARM.Collect$$libinit$$00000010) refers to libinit2.o(.ARM.Collect$$libinit$$0000000F) for .ARM.Collect$$libinit$$0000000F
    libinit2.o(.ARM.Collect$$libinit$$00000012) refers to libinit2.o(.ARM.Collect$$libinit$$0000000F) for .ARM.Collect$$libinit$$0000000F
    libinit2.o(.ARM.Collect$$libinit$$00000014) refers to libinit2.o(.ARM.Collect$$libinit$$0000000F) for .ARM.Collect$$libinit$$0000000F
    libinit2.o(.ARM.Collect$$libinit$$00000016) refers to libinit2.o(.ARM.Collect$$libinit$$0000000F) for .ARM.Collect$$libinit$$0000000F
    libinit2.o(.ARM.Collect$$libinit$$00000018) refers to libinit2.o(.ARM.Collect$$libinit$$0000000F) for .ARM.Collect$$libinit$$0000000F
    libinit2.o(.ARM.Collect$$libinit$$00000026) refers to argv_veneer.o(.text) for __ARM_argv_veneer
    libinit2.o(.ARM.Collect$$libinit$$00000027) refers to argv_veneer.o(.text) for __ARM_argv_veneer
    sys_exit.o(.text) refers (Special) to use_no_semi.o(.text) for __I$use$semihosting
    sys_exit.o(.text) refers (Special) to indicate_semi.o(.text) for __semihosting_library_function
    rtexit2.o(.ARM.Collect$$rtexit$$00000003) refers to libshutdown.o(.ARM.Collect$$libshutdown$$00000000) for __rt_lib_shutdown
    rtexit2.o(.ARM.Collect$$rtexit$$00000004) refers to sys_exit.o(.text) for _sys_exit
    rtexit2.o(.ARM.exidx) refers to rtexit2.o(.ARM.Collect$$rtexit$$00000001) for .ARM.Collect$$rtexit$$00000001
    rtexit2.o(.ARM.exidx) refers to rtexit2.o(.ARM.Collect$$rtexit$$00000003) for .ARM.Collect$$rtexit$$00000003
    rtexit2.o(.ARM.exidx) refers to rtexit2.o(.ARM.Collect$$rtexit$$00000004) for .ARM.Collect$$rtexit$$00000004
    __raise.o(.text) refers to defsig.o(CL$$defsig) for __default_signal_handler
    defsig_general.o(.text) refers to sys_wrch.o(.text) for _ttywrch
    sys_wrch.o(.text) refers (Special) to use_no_semi.o(.text) for __I$use$semihosting
    sys_wrch.o(.text) refers (Special) to indicate_semi.o(.text) for __semihosting_library_function
    defsig.o(CL$$defsig) refers to defsig_fpe_inner.o(.text) for __rt_SIGFPE_inner
    defsig.o(CL$$defsig) refers to defsig_rtmem_inner.o(.text) for __rt_SIGRTMEM_inner
    _get_argv_nomalloc.o(.text) refers (Special) to hrguard.o(.text) for __heap_region$guard
    _get_argv_nomalloc.o(.text) refers to defsig_rtmem_outer.o(.text) for __rt_SIGRTMEM
    _get_argv_nomalloc.o(.text) refers to sys_command.o(.text) for _sys_command_string
    libshutdown.o(.ARM.Collect$$libshutdown$$00000000) refers (Special) to libshutdown2.o(.ARM.Collect$$libshutdown$$00000002) for __rt_lib_shutdown_cpp_1
    libshutdown.o(.ARM.Collect$$libshutdown$$00000000) refers (Special) to libshutdown2.o(.ARM.Collect$$libshutdown$$00000007) for __rt_lib_shutdown_fp_trap_1
    libshutdown.o(.ARM.Collect$$libshutdown$$00000000) refers (Special) to libshutdown2.o(.ARM.Collect$$libshutdown$$0000000F) for __rt_lib_shutdown_heap_1
    libshutdown.o(.ARM.Collect$$libshutdown$$00000000) refers (Special) to libshutdown2.o(.ARM.Collect$$libshutdown$$00000010) for __rt_lib_shutdown_return
    libshutdown.o(.ARM.Collect$$libshutdown$$00000000) refers (Special) to libshutdown2.o(.ARM.Collect$$libshutdown$$0000000A) for __rt_lib_shutdown_signal_1
    libshutdown.o(.ARM.Collect$$libshutdown$$00000000) refers (Special) to libshutdown2.o(.ARM.Collect$$libshutdown$$00000004) for __rt_lib_shutdown_stdio_1
    libshutdown.o(.ARM.Collect$$libshutdown$$00000000) refers (Special) to libshutdown2.o(.ARM.Collect$$libshutdown$$0000000C) for __rt_lib_shutdown_user_alloc_1
    sys_command.o(.text) refers (Special) to use_no_semi.o(.text) for __I$use$semihosting
    sys_command.o(.text) refers (Special) to indicate_semi.o(.text) for __semihosting_library_function
    defsig_abrt_inner.o(.text) refers to defsig_general.o(.text) for __default_signal_display
    defsig_rtred_inner.o(.text) refers to defsig_general.o(.text) for __default_signal_display
    defsig_rtmem_inner.o(.text) refers to defsig_general.o(.text) for __default_signal_display
    defsig_rtmem_outer.o(.text) refers to defsig_rtmem_inner.o(.text) for __rt_SIGRTMEM_inner
    defsig_rtmem_outer.o(.text) refers to defsig_exit.o(.text) for __sig_exit
    defsig_rtmem_formal.o(.text) refers to rt_raise.o(.text) for __rt_raise
    defsig_stak_inner.o(.text) refers to defsig_general.o(.text) for __default_signal_display
    defsig_pvfn_inner.o(.text) refers to defsig_general.o(.text) for __default_signal_display
    defsig_cppl_inner.o(.text) refers to defsig_general.o(.text) for __default_signal_display
    defsig_segv_inner.o(.text) refers to defsig_general.o(.text) for __default_signal_display
    defsig_other.o(.text) refers to defsig_general.o(.text) for __default_signal_display


==============================================================================

Removing Unused input sections from the image.

    Removing stm32g0xx_hal.o(.rev16_text), (4 bytes).
    Removing stm32g0xx_hal.o(.revsh_text), (4 bytes).
    Removing stm32g0xx_hal.o(i.HAL_DBGMCU_DisableDBGStandbyMode), (20 bytes).
    Removing stm32g0xx_hal.o(i.HAL_DBGMCU_DisableDBGStopMode), (20 bytes).
    Removing stm32g0xx_hal.o(i.HAL_DBGMCU_EnableDBGStandbyMode), (20 bytes).
    Removing stm32g0xx_hal.o(i.HAL_DBGMCU_EnableDBGStopMode), (20 bytes).
    Removing stm32g0xx_hal.o(i.HAL_DeInit), (52 bytes).
    Removing stm32g0xx_hal.o(i.HAL_Delay), (44 bytes).
    Removing stm32g0xx_hal.o(i.HAL_GetDEVID), (16 bytes).
    Removing stm32g0xx_hal.o(i.HAL_GetHalVersion), (8 bytes).
    Removing stm32g0xx_hal.o(i.HAL_GetREVID), (12 bytes).
    Removing stm32g0xx_hal.o(i.HAL_GetTick), (12 bytes).
    Removing stm32g0xx_hal.o(i.HAL_GetTickFreq), (12 bytes).
    Removing stm32g0xx_hal.o(i.HAL_GetTickPrio), (12 bytes).
    Removing stm32g0xx_hal.o(i.HAL_GetUIDw0), (12 bytes).
    Removing stm32g0xx_hal.o(i.HAL_GetUIDw1), (12 bytes).
    Removing stm32g0xx_hal.o(i.HAL_GetUIDw2), (12 bytes).
    Removing stm32g0xx_hal.o(i.HAL_IncTick), (24 bytes).
    Removing stm32g0xx_hal.o(i.HAL_Init), (44 bytes).
    Removing stm32g0xx_hal.o(i.HAL_InitTick), (96 bytes).
    Removing stm32g0xx_hal.o(i.HAL_MspDeInit), (2 bytes).
    Removing stm32g0xx_hal.o(i.HAL_MspInit), (76 bytes).
    Removing stm32g0xx_hal.o(i.HAL_ResumeTick), (20 bytes).
    Removing stm32g0xx_hal.o(i.HAL_SYSCFG_DisableClampingDiode), (16 bytes).
    Removing stm32g0xx_hal.o(i.HAL_SYSCFG_DisableIOAnalogSwitchBooster), (20 bytes).
    Removing stm32g0xx_hal.o(i.HAL_SYSCFG_DisableRemap), (16 bytes).
    Removing stm32g0xx_hal.o(i.HAL_SYSCFG_DisableVREFBUF), (20 bytes).
    Removing stm32g0xx_hal.o(i.HAL_SYSCFG_EnableClampingDiode), (16 bytes).
    Removing stm32g0xx_hal.o(i.HAL_SYSCFG_EnableIOAnalogSwitchBooster), (20 bytes).
    Removing stm32g0xx_hal.o(i.HAL_SYSCFG_EnableRemap), (16 bytes).
    Removing stm32g0xx_hal.o(i.HAL_SYSCFG_EnableVREFBUF), (56 bytes).
    Removing stm32g0xx_hal.o(i.HAL_SYSCFG_StrobeDBattpinsConfig), (24 bytes).
    Removing stm32g0xx_hal.o(i.HAL_SYSCFG_VREFBUF_HighImpedanceConfig), (20 bytes).
    Removing stm32g0xx_hal.o(i.HAL_SYSCFG_VREFBUF_TrimmingConfig), (20 bytes).
    Removing stm32g0xx_hal.o(i.HAL_SYSCFG_VREFBUF_VoltageScalingConfig), (20 bytes).
    Removing stm32g0xx_hal.o(i.HAL_SetTickFreq), (52 bytes).
    Removing stm32g0xx_hal.o(i.HAL_SuspendTick), (20 bytes).
    Removing stm32g0xx_hal.o(.constdata), (7 bytes).
    Removing stm32g0xx_hal.o(.data), (9 bytes).
    Removing stm32g0xx_hal_cec.o(.rev16_text), (4 bytes).
    Removing stm32g0xx_hal_cec.o(.revsh_text), (4 bytes).
    Removing stm32g0xx_hal_cec.o(.constdata), (7 bytes).
    Removing stm32g0xx_hal_comp.o(.rev16_text), (4 bytes).
    Removing stm32g0xx_hal_comp.o(.revsh_text), (4 bytes).
    Removing stm32g0xx_hal_comp.o(.constdata), (7 bytes).
    Removing stm32g0xx_hal_cortex.o(.rev16_text), (4 bytes).
    Removing stm32g0xx_hal_cortex.o(.revsh_text), (4 bytes).
    Removing stm32g0xx_hal_cortex.o(i.HAL_MPU_ConfigRegion), (88 bytes).
    Removing stm32g0xx_hal_cortex.o(i.HAL_MPU_Disable), (28 bytes).
    Removing stm32g0xx_hal_cortex.o(i.HAL_MPU_Enable), (48 bytes).
    Removing stm32g0xx_hal_cortex.o(i.HAL_NVIC_ClearPendingIRQ), (28 bytes).
    Removing stm32g0xx_hal_cortex.o(i.HAL_NVIC_DisableIRQ), (60 bytes).
    Removing stm32g0xx_hal_cortex.o(i.HAL_NVIC_EnableIRQ), (36 bytes).
    Removing stm32g0xx_hal_cortex.o(i.HAL_NVIC_GetPendingIRQ), (48 bytes).
    Removing stm32g0xx_hal_cortex.o(i.HAL_NVIC_GetPriority), (72 bytes).
    Removing stm32g0xx_hal_cortex.o(i.HAL_NVIC_SetPendingIRQ), (28 bytes).
    Removing stm32g0xx_hal_cortex.o(i.HAL_NVIC_SetPriority), (18 bytes).
    Removing stm32g0xx_hal_cortex.o(i.HAL_NVIC_SystemReset), (56 bytes).
    Removing stm32g0xx_hal_cortex.o(i.HAL_SYSTICK_CLKSourceConfig), (36 bytes).
    Removing stm32g0xx_hal_cortex.o(i.HAL_SYSTICK_Callback), (2 bytes).
    Removing stm32g0xx_hal_cortex.o(i.HAL_SYSTICK_Config), (56 bytes).
    Removing stm32g0xx_hal_cortex.o(i.HAL_SYSTICK_IRQHandler), (8 bytes).
    Removing stm32g0xx_hal_cortex.o(i.__NVIC_SetPriority), (120 bytes).
    Removing stm32g0xx_hal_cortex.o(.constdata), (7 bytes).
    Removing stm32g0xx_hal_crc.o(.rev16_text), (4 bytes).
    Removing stm32g0xx_hal_crc.o(.revsh_text), (4 bytes).
    Removing stm32g0xx_hal_crc.o(.constdata), (7 bytes).
    Removing stm32g0xx_hal_crc_ex.o(.rev16_text), (4 bytes).
    Removing stm32g0xx_hal_crc_ex.o(.revsh_text), (4 bytes).
    Removing stm32g0xx_hal_crc_ex.o(.constdata), (7 bytes).
    Removing stm32g0xx_hal_cryp.o(.rev16_text), (4 bytes).
    Removing stm32g0xx_hal_cryp.o(.revsh_text), (4 bytes).
    Removing stm32g0xx_hal_cryp.o(.constdata), (7 bytes).
    Removing stm32g0xx_hal_cryp_ex.o(.rev16_text), (4 bytes).
    Removing stm32g0xx_hal_cryp_ex.o(.revsh_text), (4 bytes).
    Removing stm32g0xx_hal_cryp_ex.o(.constdata), (7 bytes).
    Removing stm32g0xx_hal_uart.o(.rev16_text), (4 bytes).
    Removing stm32g0xx_hal_uart.o(.revsh_text), (4 bytes).
    Removing stm32g0xx_hal_uart.o(.constdata), (7 bytes).
    Removing stm32g0xx_hal_uart_ex.o(.rev16_text), (4 bytes).
    Removing stm32g0xx_hal_uart_ex.o(.revsh_text), (4 bytes).
    Removing stm32g0xx_hal_uart_ex.o(.constdata), (7 bytes).
    Removing stm32g0xx_hal_usart.o(.rev16_text), (4 bytes).
    Removing stm32g0xx_hal_usart.o(.revsh_text), (4 bytes).
    Removing stm32g0xx_hal_usart.o(.constdata), (7 bytes).
    Removing stm32g0xx_hal_usart_ex.o(.rev16_text), (4 bytes).
    Removing stm32g0xx_hal_usart_ex.o(.revsh_text), (4 bytes).
    Removing stm32g0xx_hal_usart_ex.o(.constdata), (7 bytes).
    Removing stm32g0xx_hal_wwdg.o(.rev16_text), (4 bytes).
    Removing stm32g0xx_hal_wwdg.o(.revsh_text), (4 bytes).
    Removing stm32g0xx_hal_wwdg.o(.constdata), (7 bytes).
    Removing stm32g0xx_ll_usb.o(.rev16_text), (4 bytes).
    Removing stm32g0xx_ll_usb.o(.revsh_text), (4 bytes).
    Removing stm32g0xx_ll_usb.o(.constdata), (7 bytes).
    Removing stm32g0xx_ll_utils.o(.rev16_text), (4 bytes).
    Removing stm32g0xx_ll_utils.o(.revsh_text), (4 bytes).
    Removing stm32g0xx_ll_utils.o(i.LL_Init1msTick), (40 bytes).
    Removing stm32g0xx_ll_utils.o(i.LL_PLL_ConfigSystemClock_HSE), (140 bytes).
    Removing stm32g0xx_ll_utils.o(i.LL_PLL_ConfigSystemClock_HSI), (96 bytes).
    Removing stm32g0xx_ll_utils.o(i.LL_RCC_HSE_IsReady), (20 bytes).
    Removing stm32g0xx_ll_utils.o(i.LL_RCC_HSI_IsReady), (20 bytes).
    Removing stm32g0xx_ll_utils.o(i.LL_RCC_PLL_ConfigDomain_SYS), (36 bytes).
    Removing stm32g0xx_ll_utils.o(i.LL_RCC_PLL_IsReady), (20 bytes).
    Removing stm32g0xx_ll_utils.o(i.LL_SetFlashLatency), (112 bytes).
    Removing stm32g0xx_ll_utils.o(i.LL_SetSystemCoreClock), (12 bytes).
    Removing stm32g0xx_ll_utils.o(i.LL_mDelay), (52 bytes).
    Removing stm32g0xx_ll_utils.o(i.UTILS_EnablePLLAndSwitchSystem), (216 bytes).
    Removing stm32g0xx_ll_utils.o(i.UTILS_GetPLLOutputFrequency), (46 bytes).
    Removing stm32g0xx_ll_utils.o(i.UTILS_PLL_IsBusy), (18 bytes).
    Removing system_stm32g0xx.o(.rev16_text), (4 bytes).
    Removing system_stm32g0xx.o(.revsh_text), (4 bytes).
    Removing system_stm32g0xx.o(i.SystemCoreClockUpdate), (236 bytes).
    Removing system_stm32g0xx.o(.constdata), (96 bytes).
    Removing system_stm32g0xx.o(.data), (4 bytes).

114 unused section(s) (total 3013 bytes) removed from the image.

==============================================================================

Image Symbol Table

    Local Symbols

    Symbol Name                              Value     Ov Type        Size  Object(Section)

    ../clib/angel/boardlib.s                 0x00000000   Number         0  boardinit1.o ABSOLUTE
    ../clib/angel/boardlib.s                 0x00000000   Number         0  boardinit2.o ABSOLUTE
    ../clib/angel/boardlib.s                 0x00000000   Number         0  boardinit3.o ABSOLUTE
    ../clib/angel/boardlib.s                 0x00000000   Number         0  boardshut.o ABSOLUTE
    ../clib/angel/handlers.s                 0x00000000   Number         0  __scatter_zi.o ABSOLUTE
    ../clib/angel/kernel.s                   0x00000000   Number         0  rtexit2.o ABSOLUTE
    ../clib/angel/kernel.s                   0x00000000   Number         0  rtexit.o ABSOLUTE
    ../clib/angel/kernel.s                   0x00000000   Number         0  __rtentry.o ABSOLUTE
    ../clib/angel/kernel.s                   0x00000000   Number         0  __rtentry4.o ABSOLUTE
    ../clib/angel/kernel.s                   0x00000000   Number         0  __rtentry2.o ABSOLUTE
    ../clib/angel/rt.s                       0x00000000   Number         0  aeabi_idiv0.o ABSOLUTE
    ../clib/angel/rt.s                       0x00000000   Number         0  aeabi_idiv0_sigfpe.o ABSOLUTE
    ../clib/angel/rt.s                       0x00000000   Number         0  rt_div0.o ABSOLUTE
    ../clib/angel/rt.s                       0x00000000   Number         0  rt_raise.o ABSOLUTE
    ../clib/angel/scatterp.s                 0x00000000   Number         0  __scatter.o ABSOLUTE
    ../clib/angel/startup.s                  0x00000000   Number         0  __main.o ABSOLUTE
    ../clib/angel/sys.s                      0x00000000   Number         0  use_no_semi.o ABSOLUTE
    ../clib/angel/sys.s                      0x00000000   Number         0  libspace.o ABSOLUTE
    ../clib/angel/sys.s                      0x00000000   Number         0  indicate_semi.o ABSOLUTE
    ../clib/angel/sys.s                      0x00000000   Number         0  sys_stackheap_outer.o ABSOLUTE
    ../clib/angel/sys.s                      0x00000000   Number         0  tempstk.o ABSOLUTE
    ../clib/angel/sysapp.c                   0x00000000   Number         0  sys_wrch.o ABSOLUTE
    ../clib/angel/sysapp.c                   0x00000000   Number         0  sys_exit.o ABSOLUTE
    ../clib/angel/sysapp.c                   0x00000000   Number         0  sys_command.o ABSOLUTE
    ../clib/armsys.c                         0x00000000   Number         0  argv_veneer.o ABSOLUTE
    ../clib/armsys.c                         0x00000000   Number         0  no_argv.o ABSOLUTE
    ../clib/armsys.c                         0x00000000   Number         0  _get_argv_nomalloc.o ABSOLUTE
    ../clib/division.s                       0x00000000   Number         0  aeabi_sdiv_div0.o ABSOLUTE
    ../clib/division.s                       0x00000000   Number         0  aeabi_sdiv.o ABSOLUTE
    ../clib/heapalloc.c                      0x00000000   Number         0  hrguard.o ABSOLUTE
    ../clib/heapaux.c                        0x00000000   Number         0  heapauxi.o ABSOLUTE
    ../clib/libinit.s                        0x00000000   Number         0  libinit2.o ABSOLUTE
    ../clib/libinit.s                        0x00000000   Number         0  libinit.o ABSOLUTE
    ../clib/libinit.s                        0x00000000   Number         0  libshutdown2.o ABSOLUTE
    ../clib/libinit.s                        0x00000000   Number         0  libshutdown.o ABSOLUTE
    ../clib/signal.c                         0x00000000   Number         0  defsig_general.o ABSOLUTE
    ../clib/signal.c                         0x00000000   Number         0  __raise.o ABSOLUTE
    ../clib/signal.c                         0x00000000   Number         0  defsig_fpe_inner.o ABSOLUTE
    ../clib/signal.c                         0x00000000   Number         0  defsig_abrt_inner.o ABSOLUTE
    ../clib/signal.c                         0x00000000   Number         0  defsig_fpe_formal.o ABSOLUTE
    ../clib/signal.c                         0x00000000   Number         0  defsig_fpe_outer.o ABSOLUTE
    ../clib/signal.c                         0x00000000   Number         0  defsig_other.o ABSOLUTE
    ../clib/signal.c                         0x00000000   Number         0  defsig_segv_inner.o ABSOLUTE
    ../clib/signal.c                         0x00000000   Number         0  defsig_cppl_inner.o ABSOLUTE
    ../clib/signal.c                         0x00000000   Number         0  defsig_stak_inner.o ABSOLUTE
    ../clib/signal.c                         0x00000000   Number         0  defsig_rtmem_formal.o ABSOLUTE
    ../clib/signal.c                         0x00000000   Number         0  defsig_rtmem_outer.o ABSOLUTE
    ../clib/signal.c                         0x00000000   Number         0  defsig_rtmem_inner.o ABSOLUTE
    ../clib/signal.c                         0x00000000   Number         0  defsig_rtred_inner.o ABSOLUTE
    ../clib/signal.c                         0x00000000   Number         0  defsig_pvfn_inner.o ABSOLUTE
    ../clib/signal.c                         0x00000000   Number         0  defsig_exit.o ABSOLUTE
    ../clib/signal.s                         0x00000000   Number         0  defsig.o ABSOLUTE
    ../clib/stdlib.c                         0x00000000   Number         0  exit.o ABSOLUTE
    ../fplib/cfplib/fpinit.c                 0x00000000   Number         0  fpinit.o ABSOLUTE
    ..\Application\main.c                    0x00000000   Number         0  main.o ABSOLUTE
    ..\Libraries\CMSIS\Device\ST\STM32G0xx\Source\Templates\arm\startup_stm32g0b1xx.s 0x00000000   Number         0  startup_stm32g0b1xx.o ABSOLUTE
    ..\Libraries\CMSIS\Device\ST\STM32G0xx\Source\Templates\system_stm32g0xx.c 0x00000000   Number         0  system_stm32g0xx.o ABSOLUTE
    ..\Libraries\STM32G0xx_HAL_Driver\Src\stm32g0xx_hal.c 0x00000000   Number         0  stm32g0xx_hal.o ABSOLUTE
    ..\Libraries\STM32G0xx_HAL_Driver\Src\stm32g0xx_hal_cec.c 0x00000000   Number         0  stm32g0xx_hal_cec.o ABSOLUTE
    ..\Libraries\STM32G0xx_HAL_Driver\Src\stm32g0xx_hal_comp.c 0x00000000   Number         0  stm32g0xx_hal_comp.o ABSOLUTE
    ..\Libraries\STM32G0xx_HAL_Driver\Src\stm32g0xx_hal_cortex.c 0x00000000   Number         0  stm32g0xx_hal_cortex.o ABSOLUTE
    ..\Libraries\STM32G0xx_HAL_Driver\Src\stm32g0xx_hal_crc.c 0x00000000   Number         0  stm32g0xx_hal_crc.o ABSOLUTE
    ..\Libraries\STM32G0xx_HAL_Driver\Src\stm32g0xx_hal_crc_ex.c 0x00000000   Number         0  stm32g0xx_hal_crc_ex.o ABSOLUTE
    ..\Libraries\STM32G0xx_HAL_Driver\Src\stm32g0xx_hal_cryp.c 0x00000000   Number         0  stm32g0xx_hal_cryp.o ABSOLUTE
    ..\Libraries\STM32G0xx_HAL_Driver\Src\stm32g0xx_hal_cryp_ex.c 0x00000000   Number         0  stm32g0xx_hal_cryp_ex.o ABSOLUTE
    ..\Libraries\STM32G0xx_HAL_Driver\Src\stm32g0xx_hal_uart.c 0x00000000   Number         0  stm32g0xx_hal_uart.o ABSOLUTE
    ..\Libraries\STM32G0xx_HAL_Driver\Src\stm32g0xx_hal_uart_ex.c 0x00000000   Number         0  stm32g0xx_hal_uart_ex.o ABSOLUTE
    ..\Libraries\STM32G0xx_HAL_Driver\Src\stm32g0xx_hal_usart.c 0x00000000   Number         0  stm32g0xx_hal_usart.o ABSOLUTE
    ..\Libraries\STM32G0xx_HAL_Driver\Src\stm32g0xx_hal_usart_ex.c 0x00000000   Number         0  stm32g0xx_hal_usart_ex.o ABSOLUTE
    ..\Libraries\STM32G0xx_HAL_Driver\Src\stm32g0xx_hal_wwdg.c 0x00000000   Number         0  stm32g0xx_hal_wwdg.o ABSOLUTE
    ..\Libraries\STM32G0xx_HAL_Driver\Src\stm32g0xx_ll_adc.c 0x00000000   Number         0  stm32g0xx_ll_adc.o ABSOLUTE
    ..\Libraries\STM32G0xx_HAL_Driver\Src\stm32g0xx_ll_comp.c 0x00000000   Number         0  stm32g0xx_ll_comp.o ABSOLUTE
    ..\Libraries\STM32G0xx_HAL_Driver\Src\stm32g0xx_ll_crc.c 0x00000000   Number         0  stm32g0xx_ll_crc.o ABSOLUTE
    ..\Libraries\STM32G0xx_HAL_Driver\Src\stm32g0xx_ll_crs.c 0x00000000   Number         0  stm32g0xx_ll_crs.o ABSOLUTE
    ..\Libraries\STM32G0xx_HAL_Driver\Src\stm32g0xx_ll_dac.c 0x00000000   Number         0  stm32g0xx_ll_dac.o ABSOLUTE
    ..\Libraries\STM32G0xx_HAL_Driver\Src\stm32g0xx_ll_dma.c 0x00000000   Number         0  stm32g0xx_ll_dma.o ABSOLUTE
    ..\Libraries\STM32G0xx_HAL_Driver\Src\stm32g0xx_ll_exti.c 0x00000000   Number         0  stm32g0xx_ll_exti.o ABSOLUTE
    ..\Libraries\STM32G0xx_HAL_Driver\Src\stm32g0xx_ll_gpio.c 0x00000000   Number         0  stm32g0xx_ll_gpio.o ABSOLUTE
    ..\Libraries\STM32G0xx_HAL_Driver\Src\stm32g0xx_ll_i2c.c 0x00000000   Number         0  stm32g0xx_ll_i2c.o ABSOLUTE
    ..\Libraries\STM32G0xx_HAL_Driver\Src\stm32g0xx_ll_lptim.c 0x00000000   Number         0  stm32g0xx_ll_lptim.o ABSOLUTE
    ..\Libraries\STM32G0xx_HAL_Driver\Src\stm32g0xx_ll_lpuart.c 0x00000000   Number         0  stm32g0xx_ll_lpuart.o ABSOLUTE
    ..\Libraries\STM32G0xx_HAL_Driver\Src\stm32g0xx_ll_pwr.c 0x00000000   Number         0  stm32g0xx_ll_pwr.o ABSOLUTE
    ..\Libraries\STM32G0xx_HAL_Driver\Src\stm32g0xx_ll_rcc.c 0x00000000   Number         0  stm32g0xx_ll_rcc.o ABSOLUTE
    ..\Libraries\STM32G0xx_HAL_Driver\Src\stm32g0xx_ll_rng.c 0x00000000   Number         0  stm32g0xx_ll_rng.o ABSOLUTE
    ..\Libraries\STM32G0xx_HAL_Driver\Src\stm32g0xx_ll_rtc.c 0x00000000   Number         0  stm32g0xx_ll_rtc.o ABSOLUTE
    ..\Libraries\STM32G0xx_HAL_Driver\Src\stm32g0xx_ll_spi.c 0x00000000   Number         0  stm32g0xx_ll_spi.o ABSOLUTE
    ..\Libraries\STM32G0xx_HAL_Driver\Src\stm32g0xx_ll_tim.c 0x00000000   Number         0  stm32g0xx_ll_tim.o ABSOLUTE
    ..\Libraries\STM32G0xx_HAL_Driver\Src\stm32g0xx_ll_ucpd.c 0x00000000   Number         0  stm32g0xx_ll_ucpd.o ABSOLUTE
    ..\Libraries\STM32G0xx_HAL_Driver\Src\stm32g0xx_ll_usart.c 0x00000000   Number         0  stm32g0xx_ll_usart.o ABSOLUTE
    ..\Libraries\STM32G0xx_HAL_Driver\Src\stm32g0xx_ll_usb.c 0x00000000   Number         0  stm32g0xx_ll_usb.o ABSOLUTE
    ..\Libraries\STM32G0xx_HAL_Driver\Src\stm32g0xx_ll_utils.c 0x00000000   Number         0  stm32g0xx_ll_utils.o ABSOLUTE
    ..\\Libraries\\CMSIS\\Device\\ST\\STM32G0xx\\Source\\Templates\\system_stm32g0xx.c 0x00000000   Number         0  system_stm32g0xx.o ABSOLUTE
    ..\\Libraries\\STM32G0xx_HAL_Driver\\Src\\stm32g0xx_hal.c 0x00000000   Number         0  stm32g0xx_hal.o ABSOLUTE
    ..\\Libraries\\STM32G0xx_HAL_Driver\\Src\\stm32g0xx_hal_cec.c 0x00000000   Number         0  stm32g0xx_hal_cec.o ABSOLUTE
    ..\\Libraries\\STM32G0xx_HAL_Driver\\Src\\stm32g0xx_hal_comp.c 0x00000000   Number         0  stm32g0xx_hal_comp.o ABSOLUTE
    ..\\Libraries\\STM32G0xx_HAL_Driver\\Src\\stm32g0xx_hal_cortex.c 0x00000000   Number         0  stm32g0xx_hal_cortex.o ABSOLUTE
    ..\\Libraries\\STM32G0xx_HAL_Driver\\Src\\stm32g0xx_hal_crc.c 0x00000000   Number         0  stm32g0xx_hal_crc.o ABSOLUTE
    ..\\Libraries\\STM32G0xx_HAL_Driver\\Src\\stm32g0xx_hal_crc_ex.c 0x00000000   Number         0  stm32g0xx_hal_crc_ex.o ABSOLUTE
    ..\\Libraries\\STM32G0xx_HAL_Driver\\Src\\stm32g0xx_hal_cryp.c 0x00000000   Number         0  stm32g0xx_hal_cryp.o ABSOLUTE
    ..\\Libraries\\STM32G0xx_HAL_Driver\\Src\\stm32g0xx_hal_cryp_ex.c 0x00000000   Number         0  stm32g0xx_hal_cryp_ex.o ABSOLUTE
    ..\\Libraries\\STM32G0xx_HAL_Driver\\Src\\stm32g0xx_hal_uart.c 0x00000000   Number         0  stm32g0xx_hal_uart.o ABSOLUTE
    ..\\Libraries\\STM32G0xx_HAL_Driver\\Src\\stm32g0xx_hal_uart_ex.c 0x00000000   Number         0  stm32g0xx_hal_uart_ex.o ABSOLUTE
    ..\\Libraries\\STM32G0xx_HAL_Driver\\Src\\stm32g0xx_hal_usart.c 0x00000000   Number         0  stm32g0xx_hal_usart.o ABSOLUTE
    ..\\Libraries\\STM32G0xx_HAL_Driver\\Src\\stm32g0xx_hal_usart_ex.c 0x00000000   Number         0  stm32g0xx_hal_usart_ex.o ABSOLUTE
    ..\\Libraries\\STM32G0xx_HAL_Driver\\Src\\stm32g0xx_hal_wwdg.c 0x00000000   Number         0  stm32g0xx_hal_wwdg.o ABSOLUTE
    ..\\Libraries\\STM32G0xx_HAL_Driver\\Src\\stm32g0xx_ll_usb.c 0x00000000   Number         0  stm32g0xx_ll_usb.o ABSOLUTE
    ..\\Libraries\\STM32G0xx_HAL_Driver\\Src\\stm32g0xx_ll_utils.c 0x00000000   Number         0  stm32g0xx_ll_utils.o ABSOLUTE
    dc.s                                     0x00000000   Number         0  dc.o ABSOLUTE
    RESET                                    0x08000000   Section      188  startup_stm32g0b1xx.o(RESET)
    !!!main                                  0x080000bc   Section        8  __main.o(!!!main)
    !!!scatter                               0x080000c4   Section       60  __scatter.o(!!!scatter)
    !!handler_zi                             0x08000100   Section       28  __scatter_zi.o(!!handler_zi)
    .ARM.Collect$$libinit$$00000000          0x0800011c   Section        2  libinit.o(.ARM.Collect$$libinit$$00000000)
    .ARM.Collect$$libinit$$00000002          0x0800011e   Section        0  libinit2.o(.ARM.Collect$$libinit$$00000002)
    .ARM.Collect$$libinit$$00000004          0x0800011e   Section        0  libinit2.o(.ARM.Collect$$libinit$$00000004)
    .ARM.Collect$$libinit$$0000000A          0x0800011e   Section        0  libinit2.o(.ARM.Collect$$libinit$$0000000A)
    .ARM.Collect$$libinit$$0000000C          0x0800011e   Section        0  libinit2.o(.ARM.Collect$$libinit$$0000000C)
    .ARM.Collect$$libinit$$0000000E          0x0800011e   Section        0  libinit2.o(.ARM.Collect$$libinit$$0000000E)
    .ARM.Collect$$libinit$$00000011          0x0800011e   Section        0  libinit2.o(.ARM.Collect$$libinit$$00000011)
    .ARM.Collect$$libinit$$00000013          0x0800011e   Section        0  libinit2.o(.ARM.Collect$$libinit$$00000013)
    .ARM.Collect$$libinit$$00000015          0x0800011e   Section        0  libinit2.o(.ARM.Collect$$libinit$$00000015)
    .ARM.Collect$$libinit$$00000017          0x0800011e   Section        0  libinit2.o(.ARM.Collect$$libinit$$00000017)
    .ARM.Collect$$libinit$$00000019          0x0800011e   Section        0  libinit2.o(.ARM.Collect$$libinit$$00000019)
    .ARM.Collect$$libinit$$0000001B          0x0800011e   Section        0  libinit2.o(.ARM.Collect$$libinit$$0000001B)
    .ARM.Collect$$libinit$$0000001D          0x0800011e   Section        0  libinit2.o(.ARM.Collect$$libinit$$0000001D)
    .ARM.Collect$$libinit$$0000001F          0x0800011e   Section        0  libinit2.o(.ARM.Collect$$libinit$$0000001F)
    .ARM.Collect$$libinit$$00000021          0x0800011e   Section        0  libinit2.o(.ARM.Collect$$libinit$$00000021)
    .ARM.Collect$$libinit$$00000023          0x0800011e   Section        0  libinit2.o(.ARM.Collect$$libinit$$00000023)
    .ARM.Collect$$libinit$$00000025          0x0800011e   Section        0  libinit2.o(.ARM.Collect$$libinit$$00000025)
    .ARM.Collect$$libinit$$0000002C          0x0800011e   Section        0  libinit2.o(.ARM.Collect$$libinit$$0000002C)
    .ARM.Collect$$libinit$$0000002E          0x0800011e   Section        0  libinit2.o(.ARM.Collect$$libinit$$0000002E)
    .ARM.Collect$$libinit$$00000030          0x0800011e   Section        0  libinit2.o(.ARM.Collect$$libinit$$00000030)
    .ARM.Collect$$libinit$$00000032          0x0800011e   Section        0  libinit2.o(.ARM.Collect$$libinit$$00000032)
    .ARM.Collect$$libinit$$00000033          0x0800011e   Section        2  libinit2.o(.ARM.Collect$$libinit$$00000033)
    .ARM.Collect$$libshutdown$$00000000      0x08000120   Section        2  libshutdown.o(.ARM.Collect$$libshutdown$$00000000)
    .ARM.Collect$$libshutdown$$00000002      0x08000122   Section        0  libshutdown2.o(.ARM.Collect$$libshutdown$$00000002)
    .ARM.Collect$$libshutdown$$00000004      0x08000122   Section        0  libshutdown2.o(.ARM.Collect$$libshutdown$$00000004)
    .ARM.Collect$$libshutdown$$00000007      0x08000122   Section        0  libshutdown2.o(.ARM.Collect$$libshutdown$$00000007)
    .ARM.Collect$$libshutdown$$0000000A      0x08000122   Section        0  libshutdown2.o(.ARM.Collect$$libshutdown$$0000000A)
    .ARM.Collect$$libshutdown$$0000000C      0x08000122   Section        0  libshutdown2.o(.ARM.Collect$$libshutdown$$0000000C)
    .ARM.Collect$$libshutdown$$0000000F      0x08000122   Section        0  libshutdown2.o(.ARM.Collect$$libshutdown$$0000000F)
    .ARM.Collect$$libshutdown$$00000010      0x08000122   Section        2  libshutdown2.o(.ARM.Collect$$libshutdown$$00000010)
    .ARM.Collect$$rtentry$$00000000          0x08000124   Section        0  __rtentry.o(.ARM.Collect$$rtentry$$00000000)
    .ARM.Collect$$rtentry$$00000002          0x08000124   Section        0  __rtentry2.o(.ARM.Collect$$rtentry$$00000002)
    .ARM.Collect$$rtentry$$00000004          0x08000124   Section        6  __rtentry4.o(.ARM.Collect$$rtentry$$00000004)
    .ARM.Collect$$rtentry$$00000009          0x0800012a   Section        0  __rtentry2.o(.ARM.Collect$$rtentry$$00000009)
    .ARM.Collect$$rtentry$$0000000A          0x0800012a   Section        4  __rtentry2.o(.ARM.Collect$$rtentry$$0000000A)
    .ARM.Collect$$rtentry$$0000000C          0x0800012e   Section        0  __rtentry2.o(.ARM.Collect$$rtentry$$0000000C)
    .ARM.Collect$$rtentry$$0000000D          0x0800012e   Section        8  __rtentry2.o(.ARM.Collect$$rtentry$$0000000D)
    .ARM.Collect$$rtexit$$00000000           0x08000136   Section        2  rtexit.o(.ARM.Collect$$rtexit$$00000000)
    .ARM.Collect$$rtexit$$00000002           0x08000138   Section        0  rtexit2.o(.ARM.Collect$$rtexit$$00000002)
    .ARM.Collect$$rtexit$$00000003           0x08000138   Section        4  rtexit2.o(.ARM.Collect$$rtexit$$00000003)
    .ARM.Collect$$rtexit$$00000004           0x0800013c   Section        6  rtexit2.o(.ARM.Collect$$rtexit$$00000004)
    .text                                    0x08000144   Section       56  startup_stm32g0b1xx.o(.text)
    .text                                    0x0800017c   Section        0  heapauxi.o(.text)
    .text                                    0x08000182   Section       62  sys_stackheap_outer.o(.text)
    .text                                    0x080001c0   Section        0  exit.o(.text)
    .text                                    0x080001d0   Section        8  libspace.o(.text)
    .text                                    0x080001d8   Section        0  sys_exit.o(.text)
    .text                                    0x080001e4   Section        2  use_no_semi.o(.text)
    .text                                    0x080001e6   Section        0  indicate_semi.o(.text)
    i.SystemInit                             0x080001e6   Section        0  system_stm32g0xx.o(i.SystemInit)
    i.main                                   0x080001e8   Section        0  main.o(i.main)
    .bss                                     0x20000000   Section       96  libspace.o(.bss)
    HEAP                                     0x20000060   Section      512  startup_stm32g0b1xx.o(HEAP)
    Heap_Mem                                 0x20000060   Data         512  startup_stm32g0b1xx.o(HEAP)
    STACK                                    0x20000260   Section     8192  startup_stm32g0b1xx.o(STACK)
    Stack_Mem                                0x20000260   Data        8192  startup_stm32g0b1xx.o(STACK)
    __initial_sp                             0x20002260   Data           0  startup_stm32g0b1xx.o(STACK)

    Global Symbols

    Symbol Name                              Value     Ov Type        Size  Object(Section)

    BuildAttributes$$THM_ISAv3M$S$PE$A:L22$X:L11$S22$IEEE1$IW$USESV6$~STKCKD$USESV7$~SHL$OSPACE$ROPI$EBA8$UX$STANDARDLIB$REQ8$PRES8$EABIv2 0x00000000   Number         0  anon$$obj.o ABSOLUTE
    __ARM_use_no_argv                        0x00000000   Number         0  main.o ABSOLUTE
    __ARM_exceptions_init                     - Undefined Weak Reference
    __alloca_initialize                       - Undefined Weak Reference
    __arm_preinit_                            - Undefined Weak Reference
    __cpp_initialize__aeabi_                  - Undefined Weak Reference
    __cxa_finalize                            - Undefined Weak Reference
    __rt_locale                               - Undefined Weak Reference
    __sigvec_lookup                           - Undefined Weak Reference
    _atexit_init                              - Undefined Weak Reference
    _call_atexit_fns                          - Undefined Weak Reference
    _clock_init                               - Undefined Weak Reference
    _fp_trap_init                             - Undefined Weak Reference
    _fp_trap_shutdown                         - Undefined Weak Reference
    _get_lc_collate                           - Undefined Weak Reference
    _get_lc_ctype                             - Undefined Weak Reference
    _get_lc_monetary                          - Undefined Weak Reference
    _get_lc_numeric                           - Undefined Weak Reference
    _get_lc_time                              - Undefined Weak Reference
    _getenv_init                              - Undefined Weak Reference
    _handle_redirection                       - Undefined Weak Reference
    _init_alloc                               - Undefined Weak Reference
    _init_user_alloc                          - Undefined Weak Reference
    _initio                                   - Undefined Weak Reference
    _rand_init                                - Undefined Weak Reference
    _signal_finish                            - Undefined Weak Reference
    _signal_init                              - Undefined Weak Reference
    _terminate_alloc                          - Undefined Weak Reference
    _terminate_user_alloc                     - Undefined Weak Reference
    _terminateio                              - Undefined Weak Reference
    __Vectors_Size                           0x000000bc   Number         0  startup_stm32g0b1xx.o ABSOLUTE
    __Vectors                                0x08000000   Data           4  startup_stm32g0b1xx.o(RESET)
    __Vectors_End                            0x080000bc   Data           0  startup_stm32g0b1xx.o(RESET)
    __main                                   0x080000bd   Thumb Code     8  __main.o(!!!main)
    __scatterload                            0x080000c5   Thumb Code     0  __scatter.o(!!!scatter)
    __scatterload_rt2                        0x080000c5   Thumb Code    52  __scatter.o(!!!scatter)
    __scatterload_rt2_thumb_only             0x080000c5   Thumb Code     0  __scatter.o(!!!scatter)
    __scatterload_null                       0x080000d5   Thumb Code     0  __scatter.o(!!!scatter)
    __scatterload_zeroinit                   0x08000101   Thumb Code    28  __scatter_zi.o(!!handler_zi)
    __rt_lib_init                            0x0800011d   Thumb Code     0  libinit.o(.ARM.Collect$$libinit$$00000000)
    __rt_lib_init_alloca_1                   0x0800011f   Thumb Code     0  libinit2.o(.ARM.Collect$$libinit$$0000002E)
    __rt_lib_init_argv_1                     0x0800011f   Thumb Code     0  libinit2.o(.ARM.Collect$$libinit$$0000002C)
    __rt_lib_init_atexit_1                   0x0800011f   Thumb Code     0  libinit2.o(.ARM.Collect$$libinit$$0000001B)
    __rt_lib_init_clock_1                    0x0800011f   Thumb Code     0  libinit2.o(.ARM.Collect$$libinit$$00000021)
    __rt_lib_init_cpp_1                      0x0800011f   Thumb Code     0  libinit2.o(.ARM.Collect$$libinit$$00000032)
    __rt_lib_init_exceptions_1               0x0800011f   Thumb Code     0  libinit2.o(.ARM.Collect$$libinit$$00000030)
    __rt_lib_init_fp_1                       0x0800011f   Thumb Code     0  libinit2.o(.ARM.Collect$$libinit$$00000002)
    __rt_lib_init_fp_trap_1                  0x0800011f   Thumb Code     0  libinit2.o(.ARM.Collect$$libinit$$0000001F)
    __rt_lib_init_getenv_1                   0x0800011f   Thumb Code     0  libinit2.o(.ARM.Collect$$libinit$$00000023)
    __rt_lib_init_heap_1                     0x0800011f   Thumb Code     0  libinit2.o(.ARM.Collect$$libinit$$0000000A)
    __rt_lib_init_lc_collate_1               0x0800011f   Thumb Code     0  libinit2.o(.ARM.Collect$$libinit$$00000011)
    __rt_lib_init_lc_ctype_1                 0x0800011f   Thumb Code     0  libinit2.o(.ARM.Collect$$libinit$$00000013)
    __rt_lib_init_lc_monetary_1              0x0800011f   Thumb Code     0  libinit2.o(.ARM.Collect$$libinit$$00000015)
    __rt_lib_init_lc_numeric_1               0x0800011f   Thumb Code     0  libinit2.o(.ARM.Collect$$libinit$$00000017)
    __rt_lib_init_lc_time_1                  0x0800011f   Thumb Code     0  libinit2.o(.ARM.Collect$$libinit$$00000019)
    __rt_lib_init_preinit_1                  0x0800011f   Thumb Code     0  libinit2.o(.ARM.Collect$$libinit$$00000004)
    __rt_lib_init_rand_1                     0x0800011f   Thumb Code     0  libinit2.o(.ARM.Collect$$libinit$$0000000E)
    __rt_lib_init_return                     0x0800011f   Thumb Code     0  libinit2.o(.ARM.Collect$$libinit$$00000033)
    __rt_lib_init_signal_1                   0x0800011f   Thumb Code     0  libinit2.o(.ARM.Collect$$libinit$$0000001D)
    __rt_lib_init_stdio_1                    0x0800011f   Thumb Code     0  libinit2.o(.ARM.Collect$$libinit$$00000025)
    __rt_lib_init_user_alloc_1               0x0800011f   Thumb Code     0  libinit2.o(.ARM.Collect$$libinit$$0000000C)
    __rt_lib_shutdown                        0x08000121   Thumb Code     0  libshutdown.o(.ARM.Collect$$libshutdown$$00000000)
    __rt_lib_shutdown_cpp_1                  0x08000123   Thumb Code     0  libshutdown2.o(.ARM.Collect$$libshutdown$$00000002)
    __rt_lib_shutdown_fp_trap_1              0x08000123   Thumb Code     0  libshutdown2.o(.ARM.Collect$$libshutdown$$00000007)
    __rt_lib_shutdown_heap_1                 0x08000123   Thumb Code     0  libshutdown2.o(.ARM.Collect$$libshutdown$$0000000F)
    __rt_lib_shutdown_return                 0x08000123   Thumb Code     0  libshutdown2.o(.ARM.Collect$$libshutdown$$00000010)
    __rt_lib_shutdown_signal_1               0x08000123   Thumb Code     0  libshutdown2.o(.ARM.Collect$$libshutdown$$0000000A)
    __rt_lib_shutdown_stdio_1                0x08000123   Thumb Code     0  libshutdown2.o(.ARM.Collect$$libshutdown$$00000004)
    __rt_lib_shutdown_user_alloc_1           0x08000123   Thumb Code     0  libshutdown2.o(.ARM.Collect$$libshutdown$$0000000C)
    __rt_entry                               0x08000125   Thumb Code     0  __rtentry.o(.ARM.Collect$$rtentry$$00000000)
    __rt_entry_presh_1                       0x08000125   Thumb Code     0  __rtentry2.o(.ARM.Collect$$rtentry$$00000002)
    __rt_entry_sh                            0x08000125   Thumb Code     0  __rtentry4.o(.ARM.Collect$$rtentry$$00000004)
    __rt_entry_li                            0x0800012b   Thumb Code     0  __rtentry2.o(.ARM.Collect$$rtentry$$0000000A)
    __rt_entry_postsh_1                      0x0800012b   Thumb Code     0  __rtentry2.o(.ARM.Collect$$rtentry$$00000009)
    __rt_entry_main                          0x0800012f   Thumb Code     0  __rtentry2.o(.ARM.Collect$$rtentry$$0000000D)
    __rt_entry_postli_1                      0x0800012f   Thumb Code     0  __rtentry2.o(.ARM.Collect$$rtentry$$0000000C)
    __rt_exit                                0x08000137   Thumb Code     0  rtexit.o(.ARM.Collect$$rtexit$$00000000)
    __rt_exit_ls                             0x08000139   Thumb Code     0  rtexit2.o(.ARM.Collect$$rtexit$$00000003)
    __rt_exit_prels_1                        0x08000139   Thumb Code     0  rtexit2.o(.ARM.Collect$$rtexit$$00000002)
    __rt_exit_exit                           0x0800013d   Thumb Code     0  rtexit2.o(.ARM.Collect$$rtexit$$00000004)
    Reset_Handler                            0x08000145   Thumb Code     8  startup_stm32g0b1xx.o(.text)
    NMI_Handler                              0x0800014d   Thumb Code     2  startup_stm32g0b1xx.o(.text)
    HardFault_Handler                        0x0800014f   Thumb Code     2  startup_stm32g0b1xx.o(.text)
    SVC_Handler                              0x08000151   Thumb Code     2  startup_stm32g0b1xx.o(.text)
    PendSV_Handler                           0x08000153   Thumb Code     2  startup_stm32g0b1xx.o(.text)
    SysTick_Handler                          0x08000155   Thumb Code     2  startup_stm32g0b1xx.o(.text)
    ADC1_COMP_IRQHandler                     0x08000157   Thumb Code     0  startup_stm32g0b1xx.o(.text)
    CEC_IRQHandler                           0x08000157   Thumb Code     0  startup_stm32g0b1xx.o(.text)
    DMA1_Ch4_7_DMA2_Ch1_5_DMAMUX1_OVR_IRQHandler 0x08000157   Thumb Code     0  startup_stm32g0b1xx.o(.text)
    DMA1_Channel1_IRQHandler                 0x08000157   Thumb Code     0  startup_stm32g0b1xx.o(.text)
    DMA1_Channel2_3_IRQHandler               0x08000157   Thumb Code     0  startup_stm32g0b1xx.o(.text)
    EXTI0_1_IRQHandler                       0x08000157   Thumb Code     0  startup_stm32g0b1xx.o(.text)
    EXTI2_3_IRQHandler                       0x08000157   Thumb Code     0  startup_stm32g0b1xx.o(.text)
    EXTI4_15_IRQHandler                      0x08000157   Thumb Code     0  startup_stm32g0b1xx.o(.text)
    FLASH_IRQHandler                         0x08000157   Thumb Code     0  startup_stm32g0b1xx.o(.text)
    I2C1_IRQHandler                          0x08000157   Thumb Code     0  startup_stm32g0b1xx.o(.text)
    I2C2_3_IRQHandler                        0x08000157   Thumb Code     0  startup_stm32g0b1xx.o(.text)
    PVD_VDDIO2_IRQHandler                    0x08000157   Thumb Code     0  startup_stm32g0b1xx.o(.text)
    RCC_CRS_IRQHandler                       0x08000157   Thumb Code     0  startup_stm32g0b1xx.o(.text)
    RTC_TAMP_IRQHandler                      0x08000157   Thumb Code     0  startup_stm32g0b1xx.o(.text)
    SPI1_IRQHandler                          0x08000157   Thumb Code     0  startup_stm32g0b1xx.o(.text)
    SPI2_3_IRQHandler                        0x08000157   Thumb Code     0  startup_stm32g0b1xx.o(.text)
    TIM14_IRQHandler                         0x08000157   Thumb Code     0  startup_stm32g0b1xx.o(.text)
    TIM15_IRQHandler                         0x08000157   Thumb Code     0  startup_stm32g0b1xx.o(.text)
    TIM16_FDCAN_IT0_IRQHandler               0x08000157   Thumb Code     0  startup_stm32g0b1xx.o(.text)
    TIM17_FDCAN_IT1_IRQHandler               0x08000157   Thumb Code     0  startup_stm32g0b1xx.o(.text)
    TIM1_BRK_UP_TRG_COM_IRQHandler           0x08000157   Thumb Code     0  startup_stm32g0b1xx.o(.text)
    TIM1_CC_IRQHandler                       0x08000157   Thumb Code     0  startup_stm32g0b1xx.o(.text)
    TIM2_IRQHandler                          0x08000157   Thumb Code     0  startup_stm32g0b1xx.o(.text)
    TIM3_TIM4_IRQHandler                     0x08000157   Thumb Code     0  startup_stm32g0b1xx.o(.text)
    TIM6_DAC_LPTIM1_IRQHandler               0x08000157   Thumb Code     0  startup_stm32g0b1xx.o(.text)
    TIM7_LPTIM2_IRQHandler                   0x08000157   Thumb Code     0  startup_stm32g0b1xx.o(.text)
    USART1_IRQHandler                        0x08000157   Thumb Code     0  startup_stm32g0b1xx.o(.text)
    USART2_LPUART2_IRQHandler                0x08000157   Thumb Code     0  startup_stm32g0b1xx.o(.text)
    USART3_4_5_6_LPUART1_IRQHandler          0x08000157   Thumb Code     0  startup_stm32g0b1xx.o(.text)
    USB_UCPD1_2_IRQHandler                   0x08000157   Thumb Code     0  startup_stm32g0b1xx.o(.text)
    WWDG_IRQHandler                          0x08000157   Thumb Code     0  startup_stm32g0b1xx.o(.text)
    __user_initial_stackheap                 0x08000159   Thumb Code     0  startup_stm32g0b1xx.o(.text)
    __use_two_region_memory                  0x0800017d   Thumb Code     2  heapauxi.o(.text)
    __rt_heap_escrow$2region                 0x0800017f   Thumb Code     2  heapauxi.o(.text)
    __rt_heap_expand$2region                 0x08000181   Thumb Code     2  heapauxi.o(.text)
    __user_setup_stackheap                   0x08000183   Thumb Code    62  sys_stackheap_outer.o(.text)
    exit                                     0x080001c1   Thumb Code    16  exit.o(.text)
    __user_libspace                          0x080001d1   Thumb Code     8  libspace.o(.text)
    __user_perproc_libspace                  0x080001d1   Thumb Code     0  libspace.o(.text)
    __user_perthread_libspace                0x080001d1   Thumb Code     0  libspace.o(.text)
    _sys_exit                                0x080001d9   Thumb Code     8  sys_exit.o(.text)
    __I$use$semihosting                      0x080001e5   Thumb Code     0  use_no_semi.o(.text)
    __use_no_semihosting_swi                 0x080001e5   Thumb Code     2  use_no_semi.o(.text)
    SystemInit                               0x080001e7   Thumb Code     2  system_stm32g0xx.o(i.SystemInit)
    __semihosting_library_function           0x080001e7   Thumb Code     0  indicate_semi.o(.text)
    main                                     0x080001e9   Thumb Code     4  main.o(i.main)
    Region$$Table$$Base                      0x080001ec   Number         0  anon$$obj.o(Region$$Table)
    Region$$Table$$Limit                     0x080001fc   Number         0  anon$$obj.o(Region$$Table)
    __libspace_start                         0x20000000   Data          96  libspace.o(.bss)
    __temporary_stack_top$libspace           0x20000060   Data           0  libspace.o(.bss)



==============================================================================

Memory Map of the image

  Image Entry point : 0x080000bd

  Load Region LR_IROM1 (Base: 0x08000000, Size: 0x000001fc, Max: 0x00080000, ABSOLUTE)

    Execution Region ER_IROM1 (Exec base: 0x08000000, Load base: 0x08000000, Size: 0x000001fc, Max: 0x00080000, ABSOLUTE)

    Exec Addr    Load Addr    Size         Type   Attr      Idx    E Section Name        Object

    0x08000000   0x08000000   0x000000bc   Data   RO          887    RESET               startup_stm32g0b1xx.o
    0x080000bc   0x080000bc   0x00000008   Code   RO          900  * !!!main             c_p.l(__main.o)
    0x080000c4   0x080000c4   0x0000003c   Code   RO         1069    !!!scatter          c_p.l(__scatter.o)
    0x08000100   0x08000100   0x0000001c   Code   RO         1071    !!handler_zi        c_p.l(__scatter_zi.o)
    0x0800011c   0x0800011c   0x00000002   Code   RO          938    .ARM.Collect$$libinit$$00000000  c_p.l(libinit.o)
    0x0800011e   0x0800011e   0x00000000   Code   RO          952    .ARM.Collect$$libinit$$00000002  c_p.l(libinit2.o)
    0x0800011e   0x0800011e   0x00000000   Code   RO          954    .ARM.Collect$$libinit$$00000004  c_p.l(libinit2.o)
    0x0800011e   0x0800011e   0x00000000   Code   RO          957    .ARM.Collect$$libinit$$0000000A  c_p.l(libinit2.o)
    0x0800011e   0x0800011e   0x00000000   Code   RO          959    .ARM.Collect$$libinit$$0000000C  c_p.l(libinit2.o)
    0x0800011e   0x0800011e   0x00000000   Code   RO          961    .ARM.Collect$$libinit$$0000000E  c_p.l(libinit2.o)
    0x0800011e   0x0800011e   0x00000000   Code   RO          964    .ARM.Collect$$libinit$$00000011  c_p.l(libinit2.o)
    0x0800011e   0x0800011e   0x00000000   Code   RO          966    .ARM.Collect$$libinit$$00000013  c_p.l(libinit2.o)
    0x0800011e   0x0800011e   0x00000000   Code   RO          968    .ARM.Collect$$libinit$$00000015  c_p.l(libinit2.o)
    0x0800011e   0x0800011e   0x00000000   Code   RO          970    .ARM.Collect$$libinit$$00000017  c_p.l(libinit2.o)
    0x0800011e   0x0800011e   0x00000000   Code   RO          972    .ARM.Collect$$libinit$$00000019  c_p.l(libinit2.o)
    0x0800011e   0x0800011e   0x00000000   Code   RO          974    .ARM.Collect$$libinit$$0000001B  c_p.l(libinit2.o)
    0x0800011e   0x0800011e   0x00000000   Code   RO          976    .ARM.Collect$$libinit$$0000001D  c_p.l(libinit2.o)
    0x0800011e   0x0800011e   0x00000000   Code   RO          978    .ARM.Collect$$libinit$$0000001F  c_p.l(libinit2.o)
    0x0800011e   0x0800011e   0x00000000   Code   RO          980    .ARM.Collect$$libinit$$00000021  c_p.l(libinit2.o)
    0x0800011e   0x0800011e   0x00000000   Code   RO          982    .ARM.Collect$$libinit$$00000023  c_p.l(libinit2.o)
    0x0800011e   0x0800011e   0x00000000   Code   RO          984    .ARM.Collect$$libinit$$00000025  c_p.l(libinit2.o)
    0x0800011e   0x0800011e   0x00000000   Code   RO          988    .ARM.Collect$$libinit$$0000002C  c_p.l(libinit2.o)
    0x0800011e   0x0800011e   0x00000000   Code   RO          990    .ARM.Collect$$libinit$$0000002E  c_p.l(libinit2.o)
    0x0800011e   0x0800011e   0x00000000   Code   RO          992    .ARM.Collect$$libinit$$00000030  c_p.l(libinit2.o)
    0x0800011e   0x0800011e   0x00000000   Code   RO          994    .ARM.Collect$$libinit$$00000032  c_p.l(libinit2.o)
    0x0800011e   0x0800011e   0x00000002   Code   RO          995    .ARM.Collect$$libinit$$00000033  c_p.l(libinit2.o)
    0x08000120   0x08000120   0x00000002   Code   RO         1026    .ARM.Collect$$libshutdown$$00000000  c_p.l(libshutdown.o)
    0x08000122   0x08000122   0x00000000   Code   RO         1052    .ARM.Collect$$libshutdown$$00000002  c_p.l(libshutdown2.o)
    0x08000122   0x08000122   0x00000000   Code   RO         1054    .ARM.Collect$$libshutdown$$00000004  c_p.l(libshutdown2.o)
    0x08000122   0x08000122   0x00000000   Code   RO         1057    .ARM.Collect$$libshutdown$$00000007  c_p.l(libshutdown2.o)
    0x08000122   0x08000122   0x00000000   Code   RO         1060    .ARM.Collect$$libshutdown$$0000000A  c_p.l(libshutdown2.o)
    0x08000122   0x08000122   0x00000000   Code   RO         1062    .ARM.Collect$$libshutdown$$0000000C  c_p.l(libshutdown2.o)
    0x08000122   0x08000122   0x00000000   Code   RO         1065    .ARM.Collect$$libshutdown$$0000000F  c_p.l(libshutdown2.o)
    0x08000122   0x08000122   0x00000002   Code   RO         1066    .ARM.Collect$$libshutdown$$00000010  c_p.l(libshutdown2.o)
    0x08000124   0x08000124   0x00000000   Code   RO          902    .ARM.Collect$$rtentry$$00000000  c_p.l(__rtentry.o)
    0x08000124   0x08000124   0x00000000   Code   RO          908    .ARM.Collect$$rtentry$$00000002  c_p.l(__rtentry2.o)
    0x08000124   0x08000124   0x00000006   Code   RO          920    .ARM.Collect$$rtentry$$00000004  c_p.l(__rtentry4.o)
    0x0800012a   0x0800012a   0x00000000   Code   RO          910    .ARM.Collect$$rtentry$$00000009  c_p.l(__rtentry2.o)
    0x0800012a   0x0800012a   0x00000004   Code   RO          911    .ARM.Collect$$rtentry$$0000000A  c_p.l(__rtentry2.o)
    0x0800012e   0x0800012e   0x00000000   Code   RO          913    .ARM.Collect$$rtentry$$0000000C  c_p.l(__rtentry2.o)
    0x0800012e   0x0800012e   0x00000008   Code   RO          914    .ARM.Collect$$rtentry$$0000000D  c_p.l(__rtentry2.o)
    0x08000136   0x08000136   0x00000002   Code   RO          943    .ARM.Collect$$rtexit$$00000000  c_p.l(rtexit.o)
    0x08000138   0x08000138   0x00000000   Code   RO          999    .ARM.Collect$$rtexit$$00000002  c_p.l(rtexit2.o)
    0x08000138   0x08000138   0x00000004   Code   RO         1000    .ARM.Collect$$rtexit$$00000003  c_p.l(rtexit2.o)
    0x0800013c   0x0800013c   0x00000006   Code   RO         1001    .ARM.Collect$$rtexit$$00000004  c_p.l(rtexit2.o)
    0x08000142   0x08000142   0x00000002   PAD
    0x08000144   0x08000144   0x00000038   Code   RO          888    .text               startup_stm32g0b1xx.o
    0x0800017c   0x0800017c   0x00000006   Code   RO          898    .text               c_p.l(heapauxi.o)
    0x08000182   0x08000182   0x0000003e   Code   RO          924    .text               c_p.l(sys_stackheap_outer.o)
    0x080001c0   0x080001c0   0x00000010   Code   RO          927    .text               c_p.l(exit.o)
    0x080001d0   0x080001d0   0x00000008   Code   RO          939    .text               c_p.l(libspace.o)
    0x080001d8   0x080001d8   0x0000000c   Code   RO          996    .text               c_p.l(sys_exit.o)
    0x080001e4   0x080001e4   0x00000002   Code   RO         1015    .text               c_p.l(use_no_semi.o)
    0x080001e6   0x080001e6   0x00000000   Code   RO         1017    .text               c_p.l(indicate_semi.o)
    0x080001e6   0x080001e6   0x00000002   Code   RO          855    i.SystemInit        system_stm32g0xx.o
    0x080001e8   0x080001e8   0x00000004   Code   RO            1    i.main              main.o
    0x080001ec   0x080001ec   0x00000010   Data   RO         1067    Region$$Table       anon$$obj.o


    Execution Region RW_IRAM1 (Exec base: 0x20000000, Load base: 0x080001fc, Size: 0x00002260, Max: 0x00024000, ABSOLUTE)

    Exec Addr    Load Addr    Size         Type   Attr      Idx    E Section Name        Object

    0x20000000        -       0x00000060   Zero   RW          940    .bss                c_p.l(libspace.o)
    0x20000060        -       0x00000200   Zero   RW          886    HEAP                startup_stm32g0b1xx.o
    0x20000260        -       0x00002000   Zero   RW          885    STACK               startup_stm32g0b1xx.o


==============================================================================

Image component sizes


      Code (inc. data)   RO Data    RW Data    ZI Data      Debug   Object Name

         4          0          0          0          0       1843   main.o
        56         26        188          0       8704        704   startup_stm32g0b1xx.o
         0          0          0          0          0         32   stm32g0xx_hal.o
         2          0          0          0          0        489   system_stm32g0xx.o

    ----------------------------------------------------------------------
        62         26        204          0       8704       3068   Object Totals
         0          0         16          0          0          0   (incl. Generated)
         0          0          0          0          0          0   (incl. Padding)

    ----------------------------------------------------------------------

      Code (inc. data)   RO Data    RW Data    ZI Data      Debug   Library Member Name

         8          0          0          0          0         68   __main.o
         0          0          0          0          0          0   __rtentry.o
        12          0          0          0          0          0   __rtentry2.o
         6          0          0          0          0          0   __rtentry4.o
        60          8          0          0          0          0   __scatter.o
        28          0          0          0          0          0   __scatter_zi.o
        16          0          0          0          0         68   exit.o
         6          0          0          0          0        136   heapauxi.o
         0          0          0          0          0          0   indicate_semi.o
         2          0          0          0          0          0   libinit.o
         2          0          0          0          0          0   libinit2.o
         2          0          0          0          0          0   libshutdown.o
         2          0          0          0          0          0   libshutdown2.o
         8          4          0          0         96         68   libspace.o
         2          0          0          0          0          0   rtexit.o
        10          0          0          0          0          0   rtexit2.o
        12          4          0          0          0         60   sys_exit.o
        62          0          0          0          0         80   sys_stackheap_outer.o
         2          0          0          0          0         68   use_no_semi.o

    ----------------------------------------------------------------------
       242         16          0          0         96        548   Library Totals
         2          0          0          0          0          0   (incl. Padding)

    ----------------------------------------------------------------------

      Code (inc. data)   RO Data    RW Data    ZI Data      Debug   Library Name

       240         16          0          0         96        548   c_p.l

    ----------------------------------------------------------------------
       242         16          0          0         96        548   Library Totals

    ----------------------------------------------------------------------

==============================================================================


      Code (inc. data)   RO Data    RW Data    ZI Data      Debug   

       304         42        204          0       8800       3412   Grand Totals
       304         42        204          0       8800       3412   ELF Image Totals
       304         42        204          0          0          0   ROM Totals

==============================================================================

    Total RO  Size (Code + RO Data)                  508 (   0.50kB)
    Total RW  Size (RW Data + ZI Data)              8800 (   8.59kB)
    Total ROM Size (Code + RO Data + RW Data)        508 (   0.50kB)

==============================================================================

